
[TestTable/simple_table - 1]
  C1  C2  

  D1  D2  

---
